// 重构日志: 9b00e97e
// 重构日志: 6bd97857
// 重构日志: 2223cf8f
// 同步 ID: 19015ccc @ Sun Jul 19 03:10:00 UTC 2026
// 重构日志: 41f14fdd
// 重构日志: 5bf953da
// 同步 ID: 581e2b35 @ Mon Jul 20 04:11:26 UTC 2026
// 重构日志: b27d8479
// 重构日志: 47c14217
// 重构日志: cc583ba3
// 同步 ID: 565d5935 @ Tue Jul 21 09:30:26 UTC 2026
// 同步 ID: c783be90 @ Tue Jul 21 11:57:18 UTC 2026
// 同步 ID: 3af314a4 @ Tue Jul 21 17:29:37 UTC 2026
// 重构日志: 9c2f0587
// 重构日志: 5da6aa67
// 同步 ID: fcced592 @ Wed Jul 22 17:44:44 UTC 2026
// 重构日志: 4514ad2d
// 重构日志: 2dd9d2b7
// 重构日志: 471324b2
// 重构日志: f3aa53d8
// 同步 ID: 2c85f0ea @ Fri Jul 24 00:09:27 UTC 2026
// 重构日志: 070139bf
// 重构日志: 79687e39
// 重构日志: 8953d9ea
// 重构日志: c9e81a0b
// 重构日志: ee6a5815
// 重构日志: 5e2e64a3
// 同步 ID: b481d654 @ Sun Jul 26 11:37:23 UTC 2026
// 重构日志: a3fcd8ce
// 同步 ID: a92a3949 @ Mon Jul 27 05:22:23 UTC 2026
